// Jest Snapshot v1, https://goo.gl/fbAQLP

exports[`should render weather details 1`] = `
Array [
  <View
    style={
      Object {
        "alignItems": "center",
        "flexDirection": "row",
        "justifyContent": "space-between",
        "padding": 16,
      }
    }
  >
    <View>
      <Text
        style={
          Object {
            "fontWeight": "bold",
            "marginBottom": 4,
          }
        }
      >
        Warszawa
      </Text>
      <Text
        style={
          Object {
            "textTransform": "capitalize",
          }
        }
      >
        sunny
      </Text>
    </View>
    <View
      style={
        Object {
          "alignItems": "flex-start",
          "flex": 1,
          "justifyContent": "flex-end",
        }
      }
    >
      Badge
    </View>
  </View>,
  "Divider",
  <View
    style={
      Object {
        "alignItems": "center",
        "flexDirection": "row",
        "justifyContent": "space-between",
        "padding": 16,
      }
    }
  >
    <Text>
      Humidity
    </Text>
    <Text
      testID="humidity"
    >
      60
      %
    </Text>
  </View>,
  "Divider",
  <View
    style={
      Object {
        "alignItems": "center",
        "flexDirection": "row",
        "justifyContent": "space-between",
        "padding": 16,
      }
    }
  >
    <Text>
      Pressure
    </Text>
    <Text
      testID="pressure"
    >
      1015
       hPa
    </Text>
  </View>,
  "Divider",
  <View
    style={
      Object {
        "alignItems": "center",
        "flexDirection": "row",
        "justifyContent": "space-between",
        "padding": 16,
      }
    }
  >
    <Text>
      Wind speed
    </Text>
    <Text
      testID="windSpeed"
    >
      3
       m/s
    </Text>
  </View>,
  "Divider",
  <View
    style={
      Object {
        "alignItems": "center",
        "flexDirection": "row",
        "justifyContent": "space-between",
        "padding": 16,
      }
    }
  >
    <Text>
      Cloud cover
    </Text>
    <Text
      testID="cloudCover"
    >
      75
      %
    </Text>
  </View>,
  "Divider",
]
`;
